../Core/Src/main.c:189:6:changeFrequency	24	static
../Core/Src/main.c:205:6:HAL_UART_RxCpltCallback	56	static
../Core/Src/main.c:376:5:main	16	static
../Core/Src/main.c:711:6:SystemClock_Config	88	static
../Core/Src/main.c:757:13:MX_NVIC_Init	8	static
../Core/Src/main.c:778:13:MX_ADC1_Init	24	static
../Core/Src/main.c:872:13:MX_COMP2_Init	8	static
../Core/Src/main.c:907:13:MX_DAC1_Init	48	static
../Core/Src/main.c:950:13:MX_I2C2_Init	8	static
../Core/Src/main.c:998:13:MX_TIM1_Init	120	static
../Core/Src/main.c:1077:13:MX_TIM3_Init	56	static
../Core/Src/main.c:1141:13:MX_TIM6_Init	24	static
../Core/Src/main.c:1179:13:MX_TIM16_Init	8	static
../Core/Src/main.c:1211:13:MX_USART2_UART_Init	8	static
../Core/Src/main.c:1257:13:MX_DMA_Init	16	static
../Core/Src/main.c:1270:13:MX_GPIO_Init	48	static
../Core/Src/main.c:1327:6:Error_Handler	8	static,ignoring_inline_asm
