../Core/Src/main.c:163:6:HAL_UART_RxCpltCallback	16	static
../Core/Src/main.c:216:5:main	16	static
../Core/Src/main.c:490:6:SystemClock_Config	88	static
../Core/Src/main.c:536:13:MX_NVIC_Init	8	static
../Core/Src/main.c:560:13:MX_ADC1_Init	24	static
../Core/Src/main.c:663:13:MX_COMP2_Init	8	static
../Core/Src/main.c:698:13:MX_DAC1_Init	48	static
../Core/Src/main.c:749:13:MX_TIM1_Init	120	static
../Core/Src/main.c:828:13:MX_TIM2_Init	48	static
../Core/Src/main.c:877:13:MX_TIM3_Init	56	static
../Core/Src/main.c:941:13:MX_TIM6_Init	24	static
../Core/Src/main.c:979:13:MX_TIM16_Init	24	static
../Core/Src/main.c:1025:13:MX_USART2_UART_Init	8	static
../Core/Src/main.c:1071:13:MX_DMA_Init	16	static
../Core/Src/main.c:1084:13:MX_GPIO_Init	48	static
../Core/Src/main.c:1151:6:Error_Handler	8	static,ignoring_inline_asm
