../Core/Src/main.c:183:6:HAL_UART_RxCpltCallback	25
../Core/Src/main.c:301:5:main	37
../Core/Src/main.c:637:6:SystemClock_Config	3
../Core/Src/main.c:683:13:MX_NVIC_Init	1
../Core/Src/main.c:704:13:MX_ADC1_Init	7
../Core/Src/main.c:798:13:MX_COMP2_Init	2
../Core/Src/main.c:833:13:MX_DAC1_Init	3
../Core/Src/main.c:876:13:MX_I2C2_Init	4
../Core/Src/main.c:924:13:MX_TIM1_Init	6
../Core/Src/main.c:1003:13:MX_TIM3_Init	6
../Core/Src/main.c:1067:13:MX_TIM6_Init	3
../Core/Src/main.c:1105:13:MX_TIM16_Init	2
../Core/Src/main.c:1137:13:MX_USART2_UART_Init	5
../Core/Src/main.c:1183:13:MX_DMA_Init	1
../Core/Src/main.c:1196:13:MX_GPIO_Init	1
../Core/Src/main.c:1253:6:Error_Handler	1
