../Core/Src/stm32g0xx_hal_msp.c:66:6:HAL_MspInit	16	static
../Core/Src/stm32g0xx_hal_msp.c:89:6:HAL_ADC_MspInit	112	static
../Core/Src/stm32g0xx_hal_msp.c:163:6:HAL_ADC_MspDeInit	16	static
../Core/Src/stm32g0xx_hal_msp.c:200:6:HAL_COMP_MspInit	48	static
../Core/Src/stm32g0xx_hal_msp.c:232:6:HAL_COMP_MspDeInit	16	static
../Core/Src/stm32g0xx_hal_msp.c:258:6:HAL_DAC_MspInit	24	static
../Core/Src/stm32g0xx_hal_msp.c:281:6:HAL_DAC_MspDeInit	16	static
../Core/Src/stm32g0xx_hal_msp.c:313:6:HAL_TIM_PWM_MspInit	112	static
../Core/Src/stm32g0xx_hal_msp.c:371:6:HAL_TIM_IC_MspInit	56	static
../Core/Src/stm32g0xx_hal_msp.c:408:6:HAL_TIM_Base_MspInit	24	static
../Core/Src/stm32g0xx_hal_msp.c:440:6:HAL_TIM_MspPostInit	56	static
../Core/Src/stm32g0xx_hal_msp.c:513:6:HAL_TIM_PWM_MspDeInit	16	static
../Core/Src/stm32g0xx_hal_msp.c:553:6:HAL_TIM_IC_MspDeInit	16	static
../Core/Src/stm32g0xx_hal_msp.c:583:6:HAL_TIM_Base_MspDeInit	16	static
../Core/Src/stm32g0xx_hal_msp.c:629:6:HAL_UART_MspInit	104	static
../Core/Src/stm32g0xx_hal_msp.c:677:6:HAL_UART_MspDeInit	16	static
